  Determinando los proyectos que se van a restaurar...
  Todos los proyectos est├ín actualizados para la restauraci├│n.
C:\Users\ASUS\Documents\open source\v4\jejjee\web\atelier-platform-aplicaciones-web\atelier-platform-aplicaciones-web\IoT\Infrastructure\Persistence\EntityFrameworkCore\Repositories\DtcAlertRepository.cs(14,34): warning CS0108: 'DtcAlertRepository.FindByIdAsync(Guid, CancellationToken)' oculta el miembro heredado 'BaseRepository<DtcAlert>.FindByIdAsync(Guid, CancellationToken)'. Use la palabra clave new si su intenci├│n era ocultarlo. [C:\Users\ASUS\Documents\open source\v4\jejjee\web\atelier-platform-aplicaciones-web\atelier-platform-aplicaciones-web\atelier-platform-aplicaciones-web.csproj]
C:\Users\ASUS\Documents\open source\v4\jejjee\web\atelier-platform-aplicaciones-web\atelier-platform-aplicaciones-web\IoT\Domain\Repositories\IDtcAlertRepository.cs(9,21): warning CS0108: 'IDtcAlertRepository.FindByIdAsync(Guid, CancellationToken)' oculta el miembro heredado 'IBaseRepository<DtcAlert>.FindByIdAsync(Guid, CancellationToken)'. Use la palabra clave new si su intenci├│n era ocultarlo. [C:\Users\ASUS\Documents\open source\v4\jejjee\web\atelier-platform-aplicaciones-web\atelier-platform-aplicaciones-web\atelier-platform-aplicaciones-web.csproj]
C:\Users\ASUS\Documents\open source\v4\jejjee\web\atelier-platform-aplicaciones-web\atelier-platform-aplicaciones-web\IoT\Infrastructure\Persistence\EntityFrameworkCore\Repositories\OBD2DeviceRepository.cs(14,36): warning CS0108: 'OBD2DeviceRepository.FindByIdAsync(Guid, CancellationToken)' oculta el miembro heredado 'BaseRepository<OBD2Device>.FindByIdAsync(Guid, CancellationToken)'. Use la palabra clave new si su intenci├│n era ocultarlo. [C:\Users\ASUS\Documents\open source\v4\jejjee\web\atelier-platform-aplicaciones-web\atelier-platform-aplicaciones-web\atelier-platform-aplicaciones-web.csproj]
C:\Users\ASUS\Documents\open source\v4\jejjee\web\atelier-platform-aplicaciones-web\atelier-platform-aplicaciones-web\IoT\Infrastructure\Persistence\EntityFrameworkCore\Repositories\OBD2DeviceRegistrationRepository.cs(15,48): warning CS0108: 'OBD2DeviceRegistrationRepository.FindByIdAsync(Guid, CancellationToken)' oculta el miembro heredado 'BaseRepository<OBD2DeviceRegistration>.FindByIdAsync(Guid, CancellationToken)'. Use la palabra clave new si su intenci├│n era ocultarlo. [C:\Users\ASUS\Documents\open source\v4\jejjee\web\atelier-platform-aplicaciones-web\atelier-platform-aplicaciones-web\atelier-platform-aplicaciones-web.csproj]
C:\Users\ASUS\Documents\open source\v4\jejjee\web\atelier-platform-aplicaciones-web\atelier-platform-aplicaciones-web\IoT\Domain\Repositories\IOBD2DeviceRegistrationRepository.cs(10,35): warning CS0108: 'IOBD2DeviceRegistrationRepository.FindByIdAsync(Guid, CancellationToken)' oculta el miembro heredado 'IBaseRepository<OBD2DeviceRegistration>.FindByIdAsync(Guid, CancellationToken)'. Use la palabra clave new si su intenci├│n era ocultarlo. [C:\Users\ASUS\Documents\open source\v4\jejjee\web\atelier-platform-aplicaciones-web\atelier-platform-aplicaciones-web\atelier-platform-aplicaciones-web.csproj]
C:\Users\ASUS\Documents\open source\v4\jejjee\web\atelier-platform-aplicaciones-web\atelier-platform-aplicaciones-web\IoT\Domain\Repositories\IOBD2DeviceRepository.cs(9,23): warning CS0108: 'IOBD2DeviceRepository.FindByIdAsync(Guid, CancellationToken)' oculta el miembro heredado 'IBaseRepository<OBD2Device>.FindByIdAsync(Guid, CancellationToken)'. Use la palabra clave new si su intenci├│n era ocultarlo. [C:\Users\ASUS\Documents\open source\v4\jejjee\web\atelier-platform-aplicaciones-web\atelier-platform-aplicaciones-web\atelier-platform-aplicaciones-web.csproj]
C:\Users\ASUS\Documents\open source\v4\jejjee\web\atelier-platform-aplicaciones-web\atelier-platform-aplicaciones-web\IoT\Domain\Repositories\ITelemetrySnapshotRepository.cs(8,30): warning CS0108: 'ITelemetrySnapshotRepository.FindByIdAsync(Guid, CancellationToken)' oculta el miembro heredado 'IBaseRepository<TelemetrySnapshot>.FindByIdAsync(Guid, CancellationToken)'. Use la palabra clave new si su intenci├│n era ocultarlo. [C:\Users\ASUS\Documents\open source\v4\jejjee\web\atelier-platform-aplicaciones-web\atelier-platform-aplicaciones-web\atelier-platform-aplicaciones-web.csproj]
C:\Users\ASUS\Documents\open source\v4\jejjee\web\atelier-platform-aplicaciones-web\atelier-platform-aplicaciones-web\IoT\Infrastructure\Persistence\EntityFrameworkCore\Repositories\TelemetrySnapshotRepository.cs(13,43): warning CS0108: 'TelemetrySnapshotRepository.FindByIdAsync(Guid, CancellationToken)' oculta el miembro heredado 'BaseRepository<TelemetrySnapshot>.FindByIdAsync(Guid, CancellationToken)'. Use la palabra clave new si su intenci├│n era ocultarlo. [C:\Users\ASUS\Documents\open source\v4\jejjee\web\atelier-platform-aplicaciones-web\atelier-platform-aplicaciones-web\atelier-platform-aplicaciones-web.csproj]
C:\Users\ASUS\Documents\open source\v4\jejjee\web\atelier-platform-aplicaciones-web\atelier-platform-aplicaciones-web\IoT\Infrastructure\Persistence\EntityFrameworkCore\Repositories\VehicleRepository.cs(13,33): warning CS0108: 'VehicleRepository.FindByIdAsync(Guid, CancellationToken)' oculta el miembro heredado 'BaseRepository<Vehicle>.FindByIdAsync(Guid, CancellationToken)'. Use la palabra clave new si su intenci├│n era ocultarlo. [C:\Users\ASUS\Documents\open source\v4\jejjee\web\atelier-platform-aplicaciones-web\atelier-platform-aplicaciones-web\atelier-platform-aplicaciones-web.csproj]
C:\Users\ASUS\Documents\open source\v4\jejjee\web\atelier-platform-aplicaciones-web\atelier-platform-aplicaciones-web\IoT\Infrastructure\Persistence\EntityFrameworkCore\Repositories\VehicleRegistrationRepository.cs(15,45): warning CS0108: 'VehicleRegistrationRepository.FindByIdAsync(Guid, CancellationToken)' oculta el miembro heredado 'BaseRepository<VehicleRegistration>.FindByIdAsync(Guid, CancellationToken)'. Use la palabra clave new si su intenci├│n era ocultarlo. [C:\Users\ASUS\Documents\open source\v4\jejjee\web\atelier-platform-aplicaciones-web\atelier-platform-aplicaciones-web\atelier-platform-aplicaciones-web.csproj]
C:\Users\ASUS\Documents\open source\v4\jejjee\web\atelier-platform-aplicaciones-web\atelier-platform-aplicaciones-web\IoT\Domain\Repositories\IVehicleRegistrationRepository.cs(10,32): warning CS0108: 'IVehicleRegistrationRepository.FindByIdAsync(Guid, CancellationToken)' oculta el miembro heredado 'IBaseRepository<VehicleRegistration>.FindByIdAsync(Guid, CancellationToken)'. Use la palabra clave new si su intenci├│n era ocultarlo. [C:\Users\ASUS\Documents\open source\v4\jejjee\web\atelier-platform-aplicaciones-web\atelier-platform-aplicaciones-web\atelier-platform-aplicaciones-web.csproj]
C:\Users\ASUS\Documents\open source\v4\jejjee\web\atelier-platform-aplicaciones-web\atelier-platform-aplicaciones-web\IoT\Domain\Repositories\IVehicleRepository.cs(8,20): warning CS0108: 'IVehicleRepository.FindByIdAsync(Guid, CancellationToken)' oculta el miembro heredado 'IBaseRepository<Vehicle>.FindByIdAsync(Guid, CancellationToken)'. Use la palabra clave new si su intenci├│n era ocultarlo. [C:\Users\ASUS\Documents\open source\v4\jejjee\web\atelier-platform-aplicaciones-web\atelier-platform-aplicaciones-web\atelier-platform-aplicaciones-web.csproj]
C:\Users\ASUS\Documents\open source\v4\jejjee\web\atelier-platform-aplicaciones-web\atelier-platform-aplicaciones-web\IoT\Interfaces\REST\Transform\VehicleResourceFromAggregateAssembler.cs(11,13): error CS1503: Argumento 1: no se puede convertir de 'atelier_platform_aplicaciones_web.Shared.Domain.Model.ValueObjects.VehicleId' a 'System.Guid' [C:\Users\ASUS\Documents\open source\v4\jejjee\web\atelier-platform-aplicaciones-web\atelier-platform-aplicaciones-web\atelier-platform-aplicaciones-web.csproj]
C:\Users\ASUS\Documents\open source\v4\jejjee\web\atelier-platform-aplicaciones-web\atelier-platform-aplicaciones-web\IoT\Interfaces\REST\Transform\TelemetrySnapshotResourceFromAggregateAssembler.cs(13,13): error CS1503: Argumento 3: no se puede convertir de 'atelier_platform_aplicaciones_web.Shared.Domain.Model.ValueObjects.BranchId' a 'System.Guid' [C:\Users\ASUS\Documents\open source\v4\jejjee\web\atelier-platform-aplicaciones-web\atelier-platform-aplicaciones-web\atelier-platform-aplicaciones-web.csproj]
C:\Users\ASUS\Documents\open source\v4\jejjee\web\atelier-platform-aplicaciones-web\atelier-platform-aplicaciones-web\IoT\Interfaces\REST\Transform\OBD2DeviceResourceFromAggregateAssembler.cs(12,13): error CS1503: Argumento 2: no se puede convertir de 'atelier_platform_aplicaciones_web.Shared.Domain.Model.ValueObjects.BranchId' a 'System.Guid' [C:\Users\ASUS\Documents\open source\v4\jejjee\web\atelier-platform-aplicaciones-web\atelier-platform-aplicaciones-web\atelier-platform-aplicaciones-web.csproj]
C:\Users\ASUS\Documents\open source\v4\jejjee\web\atelier-platform-aplicaciones-web\atelier-platform-aplicaciones-web\IoT\Interfaces\REST\Transform\OBD2DeviceRegistrationResourceFromAggregateAssembler.cs(13,13): error CS1503: Argumento 3: no se puede convertir de 'atelier_platform_aplicaciones_web.Shared.Domain.Model.ValueObjects.BranchId' a 'System.Guid' [C:\Users\ASUS\Documents\open source\v4\jejjee\web\atelier-platform-aplicaciones-web\atelier-platform-aplicaciones-web\atelier-platform-aplicaciones-web.csproj]
C:\Users\ASUS\Documents\open source\v4\jejjee\web\atelier-platform-aplicaciones-web\atelier-platform-aplicaciones-web\IoT\Interfaces\REST\Transform\OBD2DeviceRegistrationResourceFromAggregateAssembler.cs(14,13): error CS1503: Argumento 4: no se puede convertir de 'atelier_platform_aplicaciones_web.Shared.Domain.Model.ValueObjects.VehicleId' a 'System.Guid' [C:\Users\ASUS\Documents\open source\v4\jejjee\web\atelier-platform-aplicaciones-web\atelier-platform-aplicaciones-web\atelier-platform-aplicaciones-web.csproj]
C:\Users\ASUS\Documents\open source\v4\jejjee\web\atelier-platform-aplicaciones-web\atelier-platform-aplicaciones-web\IoT\Interfaces\REST\Transform\LinkDeviceCommandFromResourceAssembler.cs(10,61): error CS1503: Argumento 2: no se puede convertir de 'System.Guid' a 'atelier_platform_aplicaciones_web.Shared.Domain.Model.ValueObjects.VehicleId' [C:\Users\ASUS\Documents\open source\v4\jejjee\web\atelier-platform-aplicaciones-web\atelier-platform-aplicaciones-web\atelier-platform-aplicaciones-web.csproj]
C:\Users\ASUS\Documents\open source\v4\jejjee\web\atelier-platform-aplicaciones-web\atelier-platform-aplicaciones-web\IoT\Interfaces\REST\Transform\LinkDeviceCommandFromResourceAssembler.cs(10,81): error CS1503: Argumento 3: no se puede convertir de 'System.Guid' a 'atelier_platform_aplicaciones_web.Shared.Domain.Model.ValueObjects.BranchId' [C:\Users\ASUS\Documents\open source\v4\jejjee\web\atelier-platform-aplicaciones-web\atelier-platform-aplicaciones-web\atelier-platform-aplicaciones-web.csproj]
C:\Users\ASUS\Documents\open source\v4\jejjee\web\atelier-platform-aplicaciones-web\atelier-platform-aplicaciones-web\IoT\Interfaces\REST\Transform\DtcAlertResourceFromAggregateAssembler.cs(13,13): error CS1503: Argumento 3: no se puede convertir de 'atelier_platform_aplicaciones_web.Shared.Domain.Model.ValueObjects.BranchId' a 'System.Guid' [C:\Users\ASUS\Documents\open source\v4\jejjee\web\atelier-platform-aplicaciones-web\atelier-platform-aplicaciones-web\atelier-platform-aplicaciones-web.csproj]
C:\Users\ASUS\Documents\open source\v4\jejjee\web\atelier-platform-aplicaciones-web\atelier-platform-aplicaciones-web\IoT\Interfaces\REST\Transform\CreateOBD2DeviceCommandFromResourceAssembler.cs(10,44): error CS1503: Argumento 1: no se puede convertir de 'System.Guid' a 'atelier_platform_aplicaciones_web.Shared.Domain.Model.ValueObjects.BranchId' [C:\Users\ASUS\Documents\open source\v4\jejjee\web\atelier-platform-aplicaciones-web\atelier-platform-aplicaciones-web\atelier-platform-aplicaciones-web.csproj]
C:\Users\ASUS\Documents\open source\v4\jejjee\web\atelier-platform-aplicaciones-web\atelier-platform-aplicaciones-web\IoT\Application\Internal\CommandServices\VehicleCommandService.cs(54,21): error CS7036: No se ha dado ning├║n argumento que corresponda al par├ímetro requerido "model" de "Vehicle.UpdateDetails(string, string, int, string, string)" [C:\Users\ASUS\Documents\open source\v4\jejjee\web\atelier-platform-aplicaciones-web\atelier-platform-aplicaciones-web\atelier-platform-aplicaciones-web.csproj]
C:\Users\ASUS\Documents\open source\v4\jejjee\web\atelier-platform-aplicaciones-web\atelier-platform-aplicaciones-web\IoT\Application\Internal\CommandServices\VehicleCommandService.cs(59,21): error CS0122: 'VehicleId.VehicleId(VehicleId)' no es accesible debido a su nivel de protecci├│n [C:\Users\ASUS\Documents\open source\v4\jejjee\web\atelier-platform-aplicaciones-web\atelier-platform-aplicaciones-web\atelier-platform-aplicaciones-web.csproj]
C:\Users\ASUS\Documents\open source\v4\jejjee\web\atelier-platform-aplicaciones-web\atelier-platform-aplicaciones-web\IoT\Application\Internal\CommandServices\VehicleCommandService.cs(69,25): error CS0122: 'VehicleId.VehicleId(VehicleId)' no es accesible debido a su nivel de protecci├│n [C:\Users\ASUS\Documents\open source\v4\jejjee\web\atelier-platform-aplicaciones-web\atelier-platform-aplicaciones-web\atelier-platform-aplicaciones-web.csproj]
C:\Users\ASUS\Documents\open source\v4\jejjee\web\atelier-platform-aplicaciones-web\atelier-platform-aplicaciones-web\IoT\Application\Internal\CommandServices\VehicleCommandService.cs(88,72): error CS0122: 'VehicleId.VehicleId(VehicleId)' no es accesible debido a su nivel de protecci├│n [C:\Users\ASUS\Documents\open source\v4\jejjee\web\atelier-platform-aplicaciones-web\atelier-platform-aplicaciones-web\atelier-platform-aplicaciones-web.csproj]
C:\Users\ASUS\Documents\open source\v4\jejjee\web\atelier-platform-aplicaciones-web\atelier-platform-aplicaciones-web\IoT\Application\Internal\CommandServices\VehicleCommandService.cs(37,14): warning CS0219: La variable 'isNewVehicle' est├í asignada pero su valor nunca se usa [C:\Users\ASUS\Documents\open source\v4\jejjee\web\atelier-platform-aplicaciones-web\atelier-platform-aplicaciones-web\atelier-platform-aplicaciones-web.csproj]
C:\Users\ASUS\Documents\open source\v4\jejjee\web\atelier-platform-aplicaciones-web\atelier-platform-aplicaciones-web\IoT\Interfaces\REST\Controllers\VehiclesController.cs(37,23): error CS1061: "Result<Vehicle>" no contiene una definici├│n para "Fold" ni un m├®todo de extensi├│n accesible "Fold" que acepte un primer argumento del tipo "Result<Vehicle>" (┬┐falta alguna directiva using o una referencia de ensamblado?) [C:\Users\ASUS\Documents\open source\v4\jejjee\web\atelier-platform-aplicaciones-web\atelier-platform-aplicaciones-web\atelier-platform-aplicaciones-web.csproj]
C:\Users\ASUS\Documents\open source\v4\jejjee\web\atelier-platform-aplicaciones-web\atelier-platform-aplicaciones-web\IoT\Interfaces\REST\Controllers\VehiclesController.cs(48,52): error CS1503: Argumento 1: no se puede convertir de 'System.Guid' a 'atelier_platform_aplicaciones_web.Shared.Domain.Model.ValueObjects.BranchId' [C:\Users\ASUS\Documents\open source\v4\jejjee\web\atelier-platform-aplicaciones-web\atelier-platform-aplicaciones-web\atelier-platform-aplicaciones-web.csproj]
C:\Users\ASUS\Documents\open source\v4\jejjee\web\atelier-platform-aplicaciones-web\atelier-platform-aplicaciones-web\IoT\Domain\Model\Aggregates\VehicleRegistration.cs(16,15): warning CS8618: El elemento propiedad "VehicleId" que no acepta valores NULL debe contener un valor distinto de NULL al salir del constructor. Considere la posibilidad de agregar el modificador "required'"o declarar el propiedad como un valor que acepta valores NULL. [C:\Users\ASUS\Documents\open source\v4\jejjee\web\atelier-platform-aplicaciones-web\atelier-platform-aplicaciones-web\atelier-platform-aplicaciones-web.csproj]
C:\Users\ASUS\Documents\open source\v4\jejjee\web\atelier-platform-aplicaciones-web\atelier-platform-aplicaciones-web\IoT\Domain\Model\Aggregates\DtcAlert.cs(17,15): warning CS8618: El elemento propiedad "BranchId" que no acepta valores NULL debe contener un valor distinto de NULL al salir del constructor. Considere la posibilidad de agregar el modificador "required'"o declarar el propiedad como un valor que acepta valores NULL. [C:\Users\ASUS\Documents\open source\v4\jejjee\web\atelier-platform-aplicaciones-web\atelier-platform-aplicaciones-web\atelier-platform-aplicaciones-web.csproj]
C:\Users\ASUS\Documents\open source\v4\jejjee\web\atelier-platform-aplicaciones-web\atelier-platform-aplicaciones-web\IoT\Interfaces\REST\Controllers\VehicleDtcErrorsController.cs(38,23): error CS1061: "Result<DtcAlert>" no contiene una definici├│n para "Fold" ni un m├®todo de extensi├│n accesible "Fold" que acepte un primer argumento del tipo "Result<DtcAlert>" (┬┐falta alguna directiva using o una referencia de ensamblado?) [C:\Users\ASUS\Documents\open source\v4\jejjee\web\atelier-platform-aplicaciones-web\atelier-platform-aplicaciones-web\atelier-platform-aplicaciones-web.csproj]
C:\Users\ASUS\Documents\open source\v4\jejjee\web\atelier-platform-aplicaciones-web\atelier-platform-aplicaciones-web\IoT\Interfaces\REST\Controllers\VehicleDtcErrorsController.cs(53,49): error CS1503: Argumento 1: no se puede convertir de 'System.Guid' a 'atelier_platform_aplicaciones_web.Shared.Domain.Model.ValueObjects.BranchId' [C:\Users\ASUS\Documents\open source\v4\jejjee\web\atelier-platform-aplicaciones-web\atelier-platform-aplicaciones-web\atelier-platform-aplicaciones-web.csproj]
C:\Users\ASUS\Documents\open source\v4\jejjee\web\atelier-platform-aplicaciones-web\atelier-platform-aplicaciones-web\IoT\Domain\Model\Aggregates\OBD2Device.cs(20,15): warning CS8618: El elemento propiedad "BranchId" que no acepta valores NULL debe contener un valor distinto de NULL al salir del constructor. Considere la posibilidad de agregar el modificador "required'"o declarar el propiedad como un valor que acepta valores NULL. [C:\Users\ASUS\Documents\open source\v4\jejjee\web\atelier-platform-aplicaciones-web\atelier-platform-aplicaciones-web\atelier-platform-aplicaciones-web.csproj]
C:\Users\ASUS\Documents\open source\v4\jejjee\web\atelier-platform-aplicaciones-web\atelier-platform-aplicaciones-web\IoT\Domain\Model\Aggregates\Vehicle.cs(20,15): warning CS8618: El elemento propiedad "Id" que no acepta valores NULL debe contener un valor distinto de NULL al salir del constructor. Considere la posibilidad de agregar el modificador "required'"o declarar el propiedad como un valor que acepta valores NULL. [C:\Users\ASUS\Documents\open source\v4\jejjee\web\atelier-platform-aplicaciones-web\atelier-platform-aplicaciones-web\atelier-platform-aplicaciones-web.csproj]
C:\Users\ASUS\Documents\open source\v4\jejjee\web\atelier-platform-aplicaciones-web\atelier-platform-aplicaciones-web\IoT\Interfaces\REST\Controllers\OBD2DevicesController.cs(37,23): error CS1061: "Result<OBD2Device>" no contiene una definici├│n para "Fold" ni un m├®todo de extensi├│n accesible "Fold" que acepte un primer argumento del tipo "Result<OBD2Device>" (┬┐falta alguna directiva using o una referencia de ensamblado?) [C:\Users\ASUS\Documents\open source\v4\jejjee\web\atelier-platform-aplicaciones-web\atelier-platform-aplicaciones-web\atelier-platform-aplicaciones-web.csproj]
C:\Users\ASUS\Documents\open source\v4\jejjee\web\atelier-platform-aplicaciones-web\atelier-platform-aplicaciones-web\IoT\Domain\Model\Aggregates\OBD2DeviceRegistration.cs(17,15): warning CS8618: El elemento propiedad "BranchId" que no acepta valores NULL debe contener un valor distinto de NULL al salir del constructor. Considere la posibilidad de agregar el modificador "required'"o declarar el propiedad como un valor que acepta valores NULL. [C:\Users\ASUS\Documents\open source\v4\jejjee\web\atelier-platform-aplicaciones-web\atelier-platform-aplicaciones-web\atelier-platform-aplicaciones-web.csproj]
C:\Users\ASUS\Documents\open source\v4\jejjee\web\atelier-platform-aplicaciones-web\atelier-platform-aplicaciones-web\IoT\Domain\Model\Aggregates\OBD2DeviceRegistration.cs(17,15): warning CS8618: El elemento propiedad "VehicleId" que no acepta valores NULL debe contener un valor distinto de NULL al salir del constructor. Considere la posibilidad de agregar el modificador "required'"o declarar el propiedad como un valor que acepta valores NULL. [C:\Users\ASUS\Documents\open source\v4\jejjee\web\atelier-platform-aplicaciones-web\atelier-platform-aplicaciones-web\atelier-platform-aplicaciones-web.csproj]
C:\Users\ASUS\Documents\open source\v4\jejjee\web\atelier-platform-aplicaciones-web\atelier-platform-aplicaciones-web\IoT\Domain\Model\Aggregates\TelemetrySnapshot.cs(18,15): warning CS8618: El elemento propiedad "BranchId" que no acepta valores NULL debe contener un valor distinto de NULL al salir del constructor. Considere la posibilidad de agregar el modificador "required'"o declarar el propiedad como un valor que acepta valores NULL. [C:\Users\ASUS\Documents\open source\v4\jejjee\web\atelier-platform-aplicaciones-web\atelier-platform-aplicaciones-web\atelier-platform-aplicaciones-web.csproj]
C:\Users\ASUS\Documents\open source\v4\jejjee\web\atelier-platform-aplicaciones-web\atelier-platform-aplicaciones-web\IoT\Infrastructure\Persistence\EntityFrameworkCore\Repositories\VehicleRepository.cs(15,70): error CS0019: El operador '==' no se puede aplicar a operandos del tipo 'VehicleId' y 'Guid' [C:\Users\ASUS\Documents\open source\v4\jejjee\web\atelier-platform-aplicaciones-web\atelier-platform-aplicaciones-web\atelier-platform-aplicaciones-web.csproj]
C:\Users\ASUS\Documents\open source\v4\jejjee\web\atelier-platform-aplicaciones-web\atelier-platform-aplicaciones-web\IoT\Interfaces\REST\Controllers\VehicleDevicesController.cs(35,23): error CS1061: "Result<OBD2DeviceRegistration>" no contiene una definici├│n para "Fold" ni un m├®todo de extensi├│n accesible "Fold" que acepte un primer argumento del tipo "Result<OBD2DeviceRegistration>" (┬┐falta alguna directiva using o una referencia de ensamblado?) [C:\Users\ASUS\Documents\open source\v4\jejjee\web\atelier-platform-aplicaciones-web\atelier-platform-aplicaciones-web\atelier-platform-aplicaciones-web.csproj]
C:\Users\ASUS\Documents\open source\v4\jejjee\web\atelier-platform-aplicaciones-web\atelier-platform-aplicaciones-web\IoT\Interfaces\REST\Controllers\OBD2DevicesController.cs(66,55): error CS1503: Argumento 1: no se puede convertir de 'System.Guid' a 'atelier_platform_aplicaciones_web.Shared.Domain.Model.ValueObjects.BranchId' [C:\Users\ASUS\Documents\open source\v4\jejjee\web\atelier-platform-aplicaciones-web\atelier-platform-aplicaciones-web\atelier-platform-aplicaciones-web.csproj]
C:\Users\ASUS\Documents\open source\v4\jejjee\web\atelier-platform-aplicaciones-web\atelier-platform-aplicaciones-web\IoT\Interfaces\REST\Controllers\VehicleDevicesController.cs(55,23): error CS1061: "Result<OBD2DeviceRegistration>" no contiene una definici├│n para "Fold" ni un m├®todo de extensi├│n accesible "Fold" que acepte un primer argumento del tipo "Result<OBD2DeviceRegistration>" (┬┐falta alguna directiva using o una referencia de ensamblado?) [C:\Users\ASUS\Documents\open source\v4\jejjee\web\atelier-platform-aplicaciones-web\atelier-platform-aplicaciones-web\atelier-platform-aplicaciones-web.csproj]
C:\Users\ASUS\Documents\open source\v4\jejjee\web\atelier-platform-aplicaciones-web\atelier-platform-aplicaciones-web\IoT\Interfaces\REST\Controllers\OBD2DevicesController.cs(79,77): error CS1503: Argumento 2: no se puede convertir de 'System.Guid' a 'atelier_platform_aplicaciones_web.Shared.Domain.Model.ValueObjects.BranchId' [C:\Users\ASUS\Documents\open source\v4\jejjee\web\atelier-platform-aplicaciones-web\atelier-platform-aplicaciones-web\atelier-platform-aplicaciones-web.csproj]
C:\Users\ASUS\Documents\open source\v4\jejjee\web\atelier-platform-aplicaciones-web\atelier-platform-aplicaciones-web\IoT\Interfaces\REST\Controllers\OBD2DevicesController.cs(82,23): error CS1061: "Result<OBD2Device>" no contiene una definici├│n para "Fold" ni un m├®todo de extensi├│n accesible "Fold" que acepte un primer argumento del tipo "Result<OBD2Device>" (┬┐falta alguna directiva using o una referencia de ensamblado?) [C:\Users\ASUS\Documents\open source\v4\jejjee\web\atelier-platform-aplicaciones-web\atelier-platform-aplicaciones-web\atelier-platform-aplicaciones-web.csproj]
C:\Users\ASUS\Documents\open source\v4\jejjee\web\atelier-platform-aplicaciones-web\atelier-platform-aplicaciones-web\IoT\Interfaces\REST\Controllers\OBD2DevicesController.cs(97,23): error CS1061: "Result<bool>" no contiene una definici├│n para "Fold" ni un m├®todo de extensi├│n accesible "Fold" que acepte un primer argumento del tipo "Result<bool>" (┬┐falta alguna directiva using o una referencia de ensamblado?) [C:\Users\ASUS\Documents\open source\v4\jejjee\web\atelier-platform-aplicaciones-web\atelier-platform-aplicaciones-web\atelier-platform-aplicaciones-web.csproj]
C:\Users\ASUS\Documents\open source\v4\jejjee\web\atelier-platform-aplicaciones-web\atelier-platform-aplicaciones-web\IoT\Infrastructure\Persistence\EntityFrameworkCore\Configuration\Extensions\ModelBuilderExtensions.cs(25,36): error CS1061: "Vehicle" no contiene una definici├│n para "Version" ni un m├®todo de extensi├│n accesible "Version" que acepte un primer argumento del tipo "Vehicle" (┬┐falta alguna directiva using o una referencia de ensamblado?) [C:\Users\ASUS\Documents\open source\v4\jejjee\web\atelier-platform-aplicaciones-web\atelier-platform-aplicaciones-web\atelier-platform-aplicaciones-web.csproj]

ERROR al compilar.

C:\Users\ASUS\Documents\open source\v4\jejjee\web\atelier-platform-aplicaciones-web\atelier-platform-aplicaciones-web\IoT\Infrastructure\Persistence\EntityFrameworkCore\Repositories\DtcAlertRepository.cs(14,34): warning CS0108: 'DtcAlertRepository.FindByIdAsync(Guid, CancellationToken)' oculta el miembro heredado 'BaseRepository<DtcAlert>.FindByIdAsync(Guid, CancellationToken)'. Use la palabra clave new si su intenci├│n era ocultarlo. [C:\Users\ASUS\Documents\open source\v4\jejjee\web\atelier-platform-aplicaciones-web\atelier-platform-aplicaciones-web\atelier-platform-aplicaciones-web.csproj]
C:\Users\ASUS\Documents\open source\v4\jejjee\web\atelier-platform-aplicaciones-web\atelier-platform-aplicaciones-web\IoT\Domain\Repositories\IDtcAlertRepository.cs(9,21): warning CS0108: 'IDtcAlertRepository.FindByIdAsync(Guid, CancellationToken)' oculta el miembro heredado 'IBaseRepository<DtcAlert>.FindByIdAsync(Guid, CancellationToken)'. Use la palabra clave new si su intenci├│n era ocultarlo. [C:\Users\ASUS\Documents\open source\v4\jejjee\web\atelier-platform-aplicaciones-web\atelier-platform-aplicaciones-web\atelier-platform-aplicaciones-web.csproj]
C:\Users\ASUS\Documents\open source\v4\jejjee\web\atelier-platform-aplicaciones-web\atelier-platform-aplicaciones-web\IoT\Infrastructure\Persistence\EntityFrameworkCore\Repositories\OBD2DeviceRepository.cs(14,36): warning CS0108: 'OBD2DeviceRepository.FindByIdAsync(Guid, CancellationToken)' oculta el miembro heredado 'BaseRepository<OBD2Device>.FindByIdAsync(Guid, CancellationToken)'. Use la palabra clave new si su intenci├│n era ocultarlo. [C:\Users\ASUS\Documents\open source\v4\jejjee\web\atelier-platform-aplicaciones-web\atelier-platform-aplicaciones-web\atelier-platform-aplicaciones-web.csproj]
C:\Users\ASUS\Documents\open source\v4\jejjee\web\atelier-platform-aplicaciones-web\atelier-platform-aplicaciones-web\IoT\Infrastructure\Persistence\EntityFrameworkCore\Repositories\OBD2DeviceRegistrationRepository.cs(15,48): warning CS0108: 'OBD2DeviceRegistrationRepository.FindByIdAsync(Guid, CancellationToken)' oculta el miembro heredado 'BaseRepository<OBD2DeviceRegistration>.FindByIdAsync(Guid, CancellationToken)'. Use la palabra clave new si su intenci├│n era ocultarlo. [C:\Users\ASUS\Documents\open source\v4\jejjee\web\atelier-platform-aplicaciones-web\atelier-platform-aplicaciones-web\atelier-platform-aplicaciones-web.csproj]
C:\Users\ASUS\Documents\open source\v4\jejjee\web\atelier-platform-aplicaciones-web\atelier-platform-aplicaciones-web\IoT\Domain\Repositories\IOBD2DeviceRegistrationRepository.cs(10,35): warning CS0108: 'IOBD2DeviceRegistrationRepository.FindByIdAsync(Guid, CancellationToken)' oculta el miembro heredado 'IBaseRepository<OBD2DeviceRegistration>.FindByIdAsync(Guid, CancellationToken)'. Use la palabra clave new si su intenci├│n era ocultarlo. [C:\Users\ASUS\Documents\open source\v4\jejjee\web\atelier-platform-aplicaciones-web\atelier-platform-aplicaciones-web\atelier-platform-aplicaciones-web.csproj]
C:\Users\ASUS\Documents\open source\v4\jejjee\web\atelier-platform-aplicaciones-web\atelier-platform-aplicaciones-web\IoT\Domain\Repositories\IOBD2DeviceRepository.cs(9,23): warning CS0108: 'IOBD2DeviceRepository.FindByIdAsync(Guid, CancellationToken)' oculta el miembro heredado 'IBaseRepository<OBD2Device>.FindByIdAsync(Guid, CancellationToken)'. Use la palabra clave new si su intenci├│n era ocultarlo. [C:\Users\ASUS\Documents\open source\v4\jejjee\web\atelier-platform-aplicaciones-web\atelier-platform-aplicaciones-web\atelier-platform-aplicaciones-web.csproj]
C:\Users\ASUS\Documents\open source\v4\jejjee\web\atelier-platform-aplicaciones-web\atelier-platform-aplicaciones-web\IoT\Domain\Repositories\ITelemetrySnapshotRepository.cs(8,30): warning CS0108: 'ITelemetrySnapshotRepository.FindByIdAsync(Guid, CancellationToken)' oculta el miembro heredado 'IBaseRepository<TelemetrySnapshot>.FindByIdAsync(Guid, CancellationToken)'. Use la palabra clave new si su intenci├│n era ocultarlo. [C:\Users\ASUS\Documents\open source\v4\jejjee\web\atelier-platform-aplicaciones-web\atelier-platform-aplicaciones-web\atelier-platform-aplicaciones-web.csproj]
C:\Users\ASUS\Documents\open source\v4\jejjee\web\atelier-platform-aplicaciones-web\atelier-platform-aplicaciones-web\IoT\Infrastructure\Persistence\EntityFrameworkCore\Repositories\TelemetrySnapshotRepository.cs(13,43): warning CS0108: 'TelemetrySnapshotRepository.FindByIdAsync(Guid, CancellationToken)' oculta el miembro heredado 'BaseRepository<TelemetrySnapshot>.FindByIdAsync(Guid, CancellationToken)'. Use la palabra clave new si su intenci├│n era ocultarlo. [C:\Users\ASUS\Documents\open source\v4\jejjee\web\atelier-platform-aplicaciones-web\atelier-platform-aplicaciones-web\atelier-platform-aplicaciones-web.csproj]
C:\Users\ASUS\Documents\open source\v4\jejjee\web\atelier-platform-aplicaciones-web\atelier-platform-aplicaciones-web\IoT\Infrastructure\Persistence\EntityFrameworkCore\Repositories\VehicleRepository.cs(13,33): warning CS0108: 'VehicleRepository.FindByIdAsync(Guid, CancellationToken)' oculta el miembro heredado 'BaseRepository<Vehicle>.FindByIdAsync(Guid, CancellationToken)'. Use la palabra clave new si su intenci├│n era ocultarlo. [C:\Users\ASUS\Documents\open source\v4\jejjee\web\atelier-platform-aplicaciones-web\atelier-platform-aplicaciones-web\atelier-platform-aplicaciones-web.csproj]
C:\Users\ASUS\Documents\open source\v4\jejjee\web\atelier-platform-aplicaciones-web\atelier-platform-aplicaciones-web\IoT\Infrastructure\Persistence\EntityFrameworkCore\Repositories\VehicleRegistrationRepository.cs(15,45): warning CS0108: 'VehicleRegistrationRepository.FindByIdAsync(Guid, CancellationToken)' oculta el miembro heredado 'BaseRepository<VehicleRegistration>.FindByIdAsync(Guid, CancellationToken)'. Use la palabra clave new si su intenci├│n era ocultarlo. [C:\Users\ASUS\Documents\open source\v4\jejjee\web\atelier-platform-aplicaciones-web\atelier-platform-aplicaciones-web\atelier-platform-aplicaciones-web.csproj]
C:\Users\ASUS\Documents\open source\v4\jejjee\web\atelier-platform-aplicaciones-web\atelier-platform-aplicaciones-web\IoT\Domain\Repositories\IVehicleRegistrationRepository.cs(10,32): warning CS0108: 'IVehicleRegistrationRepository.FindByIdAsync(Guid, CancellationToken)' oculta el miembro heredado 'IBaseRepository<VehicleRegistration>.FindByIdAsync(Guid, CancellationToken)'. Use la palabra clave new si su intenci├│n era ocultarlo. [C:\Users\ASUS\Documents\open source\v4\jejjee\web\atelier-platform-aplicaciones-web\atelier-platform-aplicaciones-web\atelier-platform-aplicaciones-web.csproj]
C:\Users\ASUS\Documents\open source\v4\jejjee\web\atelier-platform-aplicaciones-web\atelier-platform-aplicaciones-web\IoT\Domain\Repositories\IVehicleRepository.cs(8,20): warning CS0108: 'IVehicleRepository.FindByIdAsync(Guid, CancellationToken)' oculta el miembro heredado 'IBaseRepository<Vehicle>.FindByIdAsync(Guid, CancellationToken)'. Use la palabra clave new si su intenci├│n era ocultarlo. [C:\Users\ASUS\Documents\open source\v4\jejjee\web\atelier-platform-aplicaciones-web\atelier-platform-aplicaciones-web\atelier-platform-aplicaciones-web.csproj]
C:\Users\ASUS\Documents\open source\v4\jejjee\web\atelier-platform-aplicaciones-web\atelier-platform-aplicaciones-web\IoT\Application\Internal\CommandServices\VehicleCommandService.cs(37,14): warning CS0219: La variable 'isNewVehicle' est├í asignada pero su valor nunca se usa [C:\Users\ASUS\Documents\open source\v4\jejjee\web\atelier-platform-aplicaciones-web\atelier-platform-aplicaciones-web\atelier-platform-aplicaciones-web.csproj]
C:\Users\ASUS\Documents\open source\v4\jejjee\web\atelier-platform-aplicaciones-web\atelier-platform-aplicaciones-web\IoT\Domain\Model\Aggregates\VehicleRegistration.cs(16,15): warning CS8618: El elemento propiedad "VehicleId" que no acepta valores NULL debe contener un valor distinto de NULL al salir del constructor. Considere la posibilidad de agregar el modificador "required'"o declarar el propiedad como un valor que acepta valores NULL. [C:\Users\ASUS\Documents\open source\v4\jejjee\web\atelier-platform-aplicaciones-web\atelier-platform-aplicaciones-web\atelier-platform-aplicaciones-web.csproj]
C:\Users\ASUS\Documents\open source\v4\jejjee\web\atelier-platform-aplicaciones-web\atelier-platform-aplicaciones-web\IoT\Domain\Model\Aggregates\DtcAlert.cs(17,15): warning CS8618: El elemento propiedad "BranchId" que no acepta valores NULL debe contener un valor distinto de NULL al salir del constructor. Considere la posibilidad de agregar el modificador "required'"o declarar el propiedad como un valor que acepta valores NULL. [C:\Users\ASUS\Documents\open source\v4\jejjee\web\atelier-platform-aplicaciones-web\atelier-platform-aplicaciones-web\atelier-platform-aplicaciones-web.csproj]
C:\Users\ASUS\Documents\open source\v4\jejjee\web\atelier-platform-aplicaciones-web\atelier-platform-aplicaciones-web\IoT\Domain\Model\Aggregates\OBD2Device.cs(20,15): warning CS8618: El elemento propiedad "BranchId" que no acepta valores NULL debe contener un valor distinto de NULL al salir del constructor. Considere la posibilidad de agregar el modificador "required'"o declarar el propiedad como un valor que acepta valores NULL. [C:\Users\ASUS\Documents\open source\v4\jejjee\web\atelier-platform-aplicaciones-web\atelier-platform-aplicaciones-web\atelier-platform-aplicaciones-web.csproj]
C:\Users\ASUS\Documents\open source\v4\jejjee\web\atelier-platform-aplicaciones-web\atelier-platform-aplicaciones-web\IoT\Domain\Model\Aggregates\Vehicle.cs(20,15): warning CS8618: El elemento propiedad "Id" que no acepta valores NULL debe contener un valor distinto de NULL al salir del constructor. Considere la posibilidad de agregar el modificador "required'"o declarar el propiedad como un valor que acepta valores NULL. [C:\Users\ASUS\Documents\open source\v4\jejjee\web\atelier-platform-aplicaciones-web\atelier-platform-aplicaciones-web\atelier-platform-aplicaciones-web.csproj]
C:\Users\ASUS\Documents\open source\v4\jejjee\web\atelier-platform-aplicaciones-web\atelier-platform-aplicaciones-web\IoT\Domain\Model\Aggregates\OBD2DeviceRegistration.cs(17,15): warning CS8618: El elemento propiedad "BranchId" que no acepta valores NULL debe contener un valor distinto de NULL al salir del constructor. Considere la posibilidad de agregar el modificador "required'"o declarar el propiedad como un valor que acepta valores NULL. [C:\Users\ASUS\Documents\open source\v4\jejjee\web\atelier-platform-aplicaciones-web\atelier-platform-aplicaciones-web\atelier-platform-aplicaciones-web.csproj]
C:\Users\ASUS\Documents\open source\v4\jejjee\web\atelier-platform-aplicaciones-web\atelier-platform-aplicaciones-web\IoT\Domain\Model\Aggregates\OBD2DeviceRegistration.cs(17,15): warning CS8618: El elemento propiedad "VehicleId" que no acepta valores NULL debe contener un valor distinto de NULL al salir del constructor. Considere la posibilidad de agregar el modificador "required'"o declarar el propiedad como un valor que acepta valores NULL. [C:\Users\ASUS\Documents\open source\v4\jejjee\web\atelier-platform-aplicaciones-web\atelier-platform-aplicaciones-web\atelier-platform-aplicaciones-web.csproj]
C:\Users\ASUS\Documents\open source\v4\jejjee\web\atelier-platform-aplicaciones-web\atelier-platform-aplicaciones-web\IoT\Domain\Model\Aggregates\TelemetrySnapshot.cs(18,15): warning CS8618: El elemento propiedad "BranchId" que no acepta valores NULL debe contener un valor distinto de NULL al salir del constructor. Considere la posibilidad de agregar el modificador "required'"o declarar el propiedad como un valor que acepta valores NULL. [C:\Users\ASUS\Documents\open source\v4\jejjee\web\atelier-platform-aplicaciones-web\atelier-platform-aplicaciones-web\atelier-platform-aplicaciones-web.csproj]
C:\Users\ASUS\Documents\open source\v4\jejjee\web\atelier-platform-aplicaciones-web\atelier-platform-aplicaciones-web\IoT\Interfaces\REST\Transform\VehicleResourceFromAggregateAssembler.cs(11,13): error CS1503: Argumento 1: no se puede convertir de 'atelier_platform_aplicaciones_web.Shared.Domain.Model.ValueObjects.VehicleId' a 'System.Guid' [C:\Users\ASUS\Documents\open source\v4\jejjee\web\atelier-platform-aplicaciones-web\atelier-platform-aplicaciones-web\atelier-platform-aplicaciones-web.csproj]
C:\Users\ASUS\Documents\open source\v4\jejjee\web\atelier-platform-aplicaciones-web\atelier-platform-aplicaciones-web\IoT\Interfaces\REST\Transform\TelemetrySnapshotResourceFromAggregateAssembler.cs(13,13): error CS1503: Argumento 3: no se puede convertir de 'atelier_platform_aplicaciones_web.Shared.Domain.Model.ValueObjects.BranchId' a 'System.Guid' [C:\Users\ASUS\Documents\open source\v4\jejjee\web\atelier-platform-aplicaciones-web\atelier-platform-aplicaciones-web\atelier-platform-aplicaciones-web.csproj]
C:\Users\ASUS\Documents\open source\v4\jejjee\web\atelier-platform-aplicaciones-web\atelier-platform-aplicaciones-web\IoT\Interfaces\REST\Transform\OBD2DeviceResourceFromAggregateAssembler.cs(12,13): error CS1503: Argumento 2: no se puede convertir de 'atelier_platform_aplicaciones_web.Shared.Domain.Model.ValueObjects.BranchId' a 'System.Guid' [C:\Users\ASUS\Documents\open source\v4\jejjee\web\atelier-platform-aplicaciones-web\atelier-platform-aplicaciones-web\atelier-platform-aplicaciones-web.csproj]
C:\Users\ASUS\Documents\open source\v4\jejjee\web\atelier-platform-aplicaciones-web\atelier-platform-aplicaciones-web\IoT\Interfaces\REST\Transform\OBD2DeviceRegistrationResourceFromAggregateAssembler.cs(13,13): error CS1503: Argumento 3: no se puede convertir de 'atelier_platform_aplicaciones_web.Shared.Domain.Model.ValueObjects.BranchId' a 'System.Guid' [C:\Users\ASUS\Documents\open source\v4\jejjee\web\atelier-platform-aplicaciones-web\atelier-platform-aplicaciones-web\atelier-platform-aplicaciones-web.csproj]
C:\Users\ASUS\Documents\open source\v4\jejjee\web\atelier-platform-aplicaciones-web\atelier-platform-aplicaciones-web\IoT\Interfaces\REST\Transform\OBD2DeviceRegistrationResourceFromAggregateAssembler.cs(14,13): error CS1503: Argumento 4: no se puede convertir de 'atelier_platform_aplicaciones_web.Shared.Domain.Model.ValueObjects.VehicleId' a 'System.Guid' [C:\Users\ASUS\Documents\open source\v4\jejjee\web\atelier-platform-aplicaciones-web\atelier-platform-aplicaciones-web\atelier-platform-aplicaciones-web.csproj]
C:\Users\ASUS\Documents\open source\v4\jejjee\web\atelier-platform-aplicaciones-web\atelier-platform-aplicaciones-web\IoT\Interfaces\REST\Transform\LinkDeviceCommandFromResourceAssembler.cs(10,61): error CS1503: Argumento 2: no se puede convertir de 'System.Guid' a 'atelier_platform_aplicaciones_web.Shared.Domain.Model.ValueObjects.VehicleId' [C:\Users\ASUS\Documents\open source\v4\jejjee\web\atelier-platform-aplicaciones-web\atelier-platform-aplicaciones-web\atelier-platform-aplicaciones-web.csproj]
C:\Users\ASUS\Documents\open source\v4\jejjee\web\atelier-platform-aplicaciones-web\atelier-platform-aplicaciones-web\IoT\Interfaces\REST\Transform\LinkDeviceCommandFromResourceAssembler.cs(10,81): error CS1503: Argumento 3: no se puede convertir de 'System.Guid' a 'atelier_platform_aplicaciones_web.Shared.Domain.Model.ValueObjects.BranchId' [C:\Users\ASUS\Documents\open source\v4\jejjee\web\atelier-platform-aplicaciones-web\atelier-platform-aplicaciones-web\atelier-platform-aplicaciones-web.csproj]
C:\Users\ASUS\Documents\open source\v4\jejjee\web\atelier-platform-aplicaciones-web\atelier-platform-aplicaciones-web\IoT\Interfaces\REST\Transform\DtcAlertResourceFromAggregateAssembler.cs(13,13): error CS1503: Argumento 3: no se puede convertir de 'atelier_platform_aplicaciones_web.Shared.Domain.Model.ValueObjects.BranchId' a 'System.Guid' [C:\Users\ASUS\Documents\open source\v4\jejjee\web\atelier-platform-aplicaciones-web\atelier-platform-aplicaciones-web\atelier-platform-aplicaciones-web.csproj]
C:\Users\ASUS\Documents\open source\v4\jejjee\web\atelier-platform-aplicaciones-web\atelier-platform-aplicaciones-web\IoT\Interfaces\REST\Transform\CreateOBD2DeviceCommandFromResourceAssembler.cs(10,44): error CS1503: Argumento 1: no se puede convertir de 'System.Guid' a 'atelier_platform_aplicaciones_web.Shared.Domain.Model.ValueObjects.BranchId' [C:\Users\ASUS\Documents\open source\v4\jejjee\web\atelier-platform-aplicaciones-web\atelier-platform-aplicaciones-web\atelier-platform-aplicaciones-web.csproj]
C:\Users\ASUS\Documents\open source\v4\jejjee\web\atelier-platform-aplicaciones-web\atelier-platform-aplicaciones-web\IoT\Application\Internal\CommandServices\VehicleCommandService.cs(54,21): error CS7036: No se ha dado ning├║n argumento que corresponda al par├ímetro requerido "model" de "Vehicle.UpdateDetails(string, string, int, string, string)" [C:\Users\ASUS\Documents\open source\v4\jejjee\web\atelier-platform-aplicaciones-web\atelier-platform-aplicaciones-web\atelier-platform-aplicaciones-web.csproj]
C:\Users\ASUS\Documents\open source\v4\jejjee\web\atelier-platform-aplicaciones-web\atelier-platform-aplicaciones-web\IoT\Application\Internal\CommandServices\VehicleCommandService.cs(59,21): error CS0122: 'VehicleId.VehicleId(VehicleId)' no es accesible debido a su nivel de protecci├│n [C:\Users\ASUS\Documents\open source\v4\jejjee\web\atelier-platform-aplicaciones-web\atelier-platform-aplicaciones-web\atelier-platform-aplicaciones-web.csproj]
C:\Users\ASUS\Documents\open source\v4\jejjee\web\atelier-platform-aplicaciones-web\atelier-platform-aplicaciones-web\IoT\Application\Internal\CommandServices\VehicleCommandService.cs(69,25): error CS0122: 'VehicleId.VehicleId(VehicleId)' no es accesible debido a su nivel de protecci├│n [C:\Users\ASUS\Documents\open source\v4\jejjee\web\atelier-platform-aplicaciones-web\atelier-platform-aplicaciones-web\atelier-platform-aplicaciones-web.csproj]
C:\Users\ASUS\Documents\open source\v4\jejjee\web\atelier-platform-aplicaciones-web\atelier-platform-aplicaciones-web\IoT\Application\Internal\CommandServices\VehicleCommandService.cs(88,72): error CS0122: 'VehicleId.VehicleId(VehicleId)' no es accesible debido a su nivel de protecci├│n [C:\Users\ASUS\Documents\open source\v4\jejjee\web\atelier-platform-aplicaciones-web\atelier-platform-aplicaciones-web\atelier-platform-aplicaciones-web.csproj]
C:\Users\ASUS\Documents\open source\v4\jejjee\web\atelier-platform-aplicaciones-web\atelier-platform-aplicaciones-web\IoT\Interfaces\REST\Controllers\VehiclesController.cs(37,23): error CS1061: "Result<Vehicle>" no contiene una definici├│n para "Fold" ni un m├®todo de extensi├│n accesible "Fold" que acepte un primer argumento del tipo "Result<Vehicle>" (┬┐falta alguna directiva using o una referencia de ensamblado?) [C:\Users\ASUS\Documents\open source\v4\jejjee\web\atelier-platform-aplicaciones-web\atelier-platform-aplicaciones-web\atelier-platform-aplicaciones-web.csproj]
C:\Users\ASUS\Documents\open source\v4\jejjee\web\atelier-platform-aplicaciones-web\atelier-platform-aplicaciones-web\IoT\Interfaces\REST\Controllers\VehiclesController.cs(48,52): error CS1503: Argumento 1: no se puede convertir de 'System.Guid' a 'atelier_platform_aplicaciones_web.Shared.Domain.Model.ValueObjects.BranchId' [C:\Users\ASUS\Documents\open source\v4\jejjee\web\atelier-platform-aplicaciones-web\atelier-platform-aplicaciones-web\atelier-platform-aplicaciones-web.csproj]
C:\Users\ASUS\Documents\open source\v4\jejjee\web\atelier-platform-aplicaciones-web\atelier-platform-aplicaciones-web\IoT\Interfaces\REST\Controllers\VehicleDtcErrorsController.cs(38,23): error CS1061: "Result<DtcAlert>" no contiene una definici├│n para "Fold" ni un m├®todo de extensi├│n accesible "Fold" que acepte un primer argumento del tipo "Result<DtcAlert>" (┬┐falta alguna directiva using o una referencia de ensamblado?) [C:\Users\ASUS\Documents\open source\v4\jejjee\web\atelier-platform-aplicaciones-web\atelier-platform-aplicaciones-web\atelier-platform-aplicaciones-web.csproj]
C:\Users\ASUS\Documents\open source\v4\jejjee\web\atelier-platform-aplicaciones-web\atelier-platform-aplicaciones-web\IoT\Interfaces\REST\Controllers\VehicleDtcErrorsController.cs(53,49): error CS1503: Argumento 1: no se puede convertir de 'System.Guid' a 'atelier_platform_aplicaciones_web.Shared.Domain.Model.ValueObjects.BranchId' [C:\Users\ASUS\Documents\open source\v4\jejjee\web\atelier-platform-aplicaciones-web\atelier-platform-aplicaciones-web\atelier-platform-aplicaciones-web.csproj]
C:\Users\ASUS\Documents\open source\v4\jejjee\web\atelier-platform-aplicaciones-web\atelier-platform-aplicaciones-web\IoT\Interfaces\REST\Controllers\OBD2DevicesController.cs(37,23): error CS1061: "Result<OBD2Device>" no contiene una definici├│n para "Fold" ni un m├®todo de extensi├│n accesible "Fold" que acepte un primer argumento del tipo "Result<OBD2Device>" (┬┐falta alguna directiva using o una referencia de ensamblado?) [C:\Users\ASUS\Documents\open source\v4\jejjee\web\atelier-platform-aplicaciones-web\atelier-platform-aplicaciones-web\atelier-platform-aplicaciones-web.csproj]
C:\Users\ASUS\Documents\open source\v4\jejjee\web\atelier-platform-aplicaciones-web\atelier-platform-aplicaciones-web\IoT\Infrastructure\Persistence\EntityFrameworkCore\Repositories\VehicleRepository.cs(15,70): error CS0019: El operador '==' no se puede aplicar a operandos del tipo 'VehicleId' y 'Guid' [C:\Users\ASUS\Documents\open source\v4\jejjee\web\atelier-platform-aplicaciones-web\atelier-platform-aplicaciones-web\atelier-platform-aplicaciones-web.csproj]
C:\Users\ASUS\Documents\open source\v4\jejjee\web\atelier-platform-aplicaciones-web\atelier-platform-aplicaciones-web\IoT\Interfaces\REST\Controllers\VehicleDevicesController.cs(35,23): error CS1061: "Result<OBD2DeviceRegistration>" no contiene una definici├│n para "Fold" ni un m├®todo de extensi├│n accesible "Fold" que acepte un primer argumento del tipo "Result<OBD2DeviceRegistration>" (┬┐falta alguna directiva using o una referencia de ensamblado?) [C:\Users\ASUS\Documents\open source\v4\jejjee\web\atelier-platform-aplicaciones-web\atelier-platform-aplicaciones-web\atelier-platform-aplicaciones-web.csproj]
C:\Users\ASUS\Documents\open source\v4\jejjee\web\atelier-platform-aplicaciones-web\atelier-platform-aplicaciones-web\IoT\Interfaces\REST\Controllers\OBD2DevicesController.cs(66,55): error CS1503: Argumento 1: no se puede convertir de 'System.Guid' a 'atelier_platform_aplicaciones_web.Shared.Domain.Model.ValueObjects.BranchId' [C:\Users\ASUS\Documents\open source\v4\jejjee\web\atelier-platform-aplicaciones-web\atelier-platform-aplicaciones-web\atelier-platform-aplicaciones-web.csproj]
C:\Users\ASUS\Documents\open source\v4\jejjee\web\atelier-platform-aplicaciones-web\atelier-platform-aplicaciones-web\IoT\Interfaces\REST\Controllers\VehicleDevicesController.cs(55,23): error CS1061: "Result<OBD2DeviceRegistration>" no contiene una definici├│n para "Fold" ni un m├®todo de extensi├│n accesible "Fold" que acepte un primer argumento del tipo "Result<OBD2DeviceRegistration>" (┬┐falta alguna directiva using o una referencia de ensamblado?) [C:\Users\ASUS\Documents\open source\v4\jejjee\web\atelier-platform-aplicaciones-web\atelier-platform-aplicaciones-web\atelier-platform-aplicaciones-web.csproj]
C:\Users\ASUS\Documents\open source\v4\jejjee\web\atelier-platform-aplicaciones-web\atelier-platform-aplicaciones-web\IoT\Interfaces\REST\Controllers\OBD2DevicesController.cs(79,77): error CS1503: Argumento 2: no se puede convertir de 'System.Guid' a 'atelier_platform_aplicaciones_web.Shared.Domain.Model.ValueObjects.BranchId' [C:\Users\ASUS\Documents\open source\v4\jejjee\web\atelier-platform-aplicaciones-web\atelier-platform-aplicaciones-web\atelier-platform-aplicaciones-web.csproj]
C:\Users\ASUS\Documents\open source\v4\jejjee\web\atelier-platform-aplicaciones-web\atelier-platform-aplicaciones-web\IoT\Interfaces\REST\Controllers\OBD2DevicesController.cs(82,23): error CS1061: "Result<OBD2Device>" no contiene una definici├│n para "Fold" ni un m├®todo de extensi├│n accesible "Fold" que acepte un primer argumento del tipo "Result<OBD2Device>" (┬┐falta alguna directiva using o una referencia de ensamblado?) [C:\Users\ASUS\Documents\open source\v4\jejjee\web\atelier-platform-aplicaciones-web\atelier-platform-aplicaciones-web\atelier-platform-aplicaciones-web.csproj]
C:\Users\ASUS\Documents\open source\v4\jejjee\web\atelier-platform-aplicaciones-web\atelier-platform-aplicaciones-web\IoT\Interfaces\REST\Controllers\OBD2DevicesController.cs(97,23): error CS1061: "Result<bool>" no contiene una definici├│n para "Fold" ni un m├®todo de extensi├│n accesible "Fold" que acepte un primer argumento del tipo "Result<bool>" (┬┐falta alguna directiva using o una referencia de ensamblado?) [C:\Users\ASUS\Documents\open source\v4\jejjee\web\atelier-platform-aplicaciones-web\atelier-platform-aplicaciones-web\atelier-platform-aplicaciones-web.csproj]
C:\Users\ASUS\Documents\open source\v4\jejjee\web\atelier-platform-aplicaciones-web\atelier-platform-aplicaciones-web\IoT\Infrastructure\Persistence\EntityFrameworkCore\Configuration\Extensions\ModelBuilderExtensions.cs(25,36): error CS1061: "Vehicle" no contiene una definici├│n para "Version" ni un m├®todo de extensi├│n accesible "Version" que acepte un primer argumento del tipo "Vehicle" (┬┐falta alguna directiva using o una referencia de ensamblado?) [C:\Users\ASUS\Documents\open source\v4\jejjee\web\atelier-platform-aplicaciones-web\atelier-platform-aplicaciones-web\atelier-platform-aplicaciones-web.csproj]
    20 Advertencia(s)
    26 Errores

Tiempo transcurrido 00:00:02.73
